// Jest Snapshot v1, https://goo.gl/fbAQLP

exports[`asd test 1`] = `
"<h1>test</h1>
<p> Recommended IDE setup: <a href=\\"https://code.visualstudio.com/\\" target=\\"_blank\\">VSCode</a> + <a href=\\"https://github.com/johnsoncodehk/volar\\" target=\\"_blank\\">Volar</a></p>
<p>See <code>README.md</code> for more information.</p>
<p><a href=\\"https://vitejs.dev/guide/features.html\\" target=\\"_blank\\"> Vite Docs </a> | <a href=\\"https://v3.vuejs.org/\\" target=\\"_blank\\">Vue 3 Docs</a></p><button type=\\"button\\">count is: 0</button>
<p> Edit <code>components/HelloWorld.vue</code> to test hot module replacement. </p>"
`;
